Archive member included to satisfy reference by file (symbol)

E:/Akinao/git/arc_2026/src/vs_wrc103lv/VS-WRC103LV_Sample_UART/lib\libCMSISv1p30_LPC13xx.a(system_LPC13xx.o)
                              ./src/cr_startup_lpc13.o (SystemInit)

Allocating common symbols
Common symbol       size              file

WDF                 0x1               ./src/vs-wrc103.o
I2CReadLength       0x4               ./src/ixbus.o
I2CSlaveBuffer      0x6               ./src/ixbus.o
adtemp              0x10              ./src/ixbus.o
USB_InPutData       0x40              ./src/app_serialio.o
UARTBuffer          0x40              ./src/vs-wrc103.o
iBuzzerPitch        0x4               ./src/vs-wrc103.o
enc_A               0x4               ./src/vs-wrc103.o
bBuzzerFlag         0x1               ./src/vs-wrc103.o
I2CMode             0x4               ./src/ixbus.o
PS_DATA             0x14              ./src/vs-wrc103.o
I2CMasterBuffer     0x6               ./src/ixbus.o
memmap              0x80              ./src/app_serialio.o
enc_B               0x4               ./src/vs-wrc103.o
UARTStatus          0x4               ./src/vs-wrc103.o
MainCnt             0x2               ./src/vs-wrc103.o
I2CWriteLength      0x4               ./src/ixbus.o
serialio_data_c     0xa               ./src/app_serialio.o
serialio_data_b     0x8               ./src/app_serialio.o
USB_OutPutData      0x40              ./src/app_serialio.o
bSendUSBdata        0x1               ./src/app_serialio.o
isUSB_data_sending  0x1               ./src/app_serialio.o

Discarded input sections

 .group         0x00000000        0x8 ./src/app_event.o
 .group         0x00000000        0x8 ./src/app_event.o
 .group         0x00000000        0x8 ./src/app_event.o
 .group         0x00000000        0x8 ./src/app_event.o
 .group         0x00000000        0x8 ./src/app_event.o
 .group         0x00000000        0x8 ./src/app_event.o
 .text          0x00000000        0x0 ./src/app_event.o
 .data          0x00000000        0x0 ./src/app_event.o
 .bss           0x00000000        0x0 ./src/app_event.o
 .text.event_SetEvent
                0x00000000        0x2 ./src/app_event.o
 .text.event_GetEvent
                0x00000000        0x2 ./src/app_event.o
 .debug_info    0x00000000      0x10d ./src/app_event.o
 .debug_abbrev  0x00000000       0xc5 ./src/app_event.o
 .debug_loc     0x00000000       0x21 ./src/app_event.o
 .debug_aranges
                0x00000000       0x28 ./src/app_event.o
 .debug_ranges  0x00000000       0x18 ./src/app_event.o
 .debug_macro   0x00000000       0x6a ./src/app_event.o
 .debug_macro   0x00000000      0x88c ./src/app_event.o
 .debug_macro   0x00000000       0x10 ./src/app_event.o
 .debug_macro   0x00000000      0x12d ./src/app_event.o
 .debug_macro   0x00000000      0x5b2 ./src/app_event.o
 .debug_macro   0x00000000       0x16 ./src/app_event.o
 .debug_macro   0x00000000       0x22 ./src/app_event.o
 .debug_line    0x00000000      0x184 ./src/app_event.o
 .debug_str     0x00000000     0x3e26 ./src/app_event.o
 .comment       0x00000000       0x6f ./src/app_event.o
 .debug_frame   0x00000000       0x30 ./src/app_event.o
 .ARM.attributes
                0x00000000       0x33 ./src/app_event.o
 .group         0x00000000        0x8 ./src/app_serialio.o
 .group         0x00000000        0x8 ./src/app_serialio.o
 .group         0x00000000        0x8 ./src/app_serialio.o
 .group         0x00000000        0x8 ./src/app_serialio.o
 .group         0x00000000        0x8 ./src/app_serialio.o
 .group         0x00000000        0x8 ./src/app_serialio.o
 .group         0x00000000        0x8 ./src/app_serialio.o
 .group         0x00000000        0x8 ./src/app_serialio.o
 .text          0x00000000        0x0 ./src/app_serialio.o
 .data          0x00000000        0x0 ./src/app_serialio.o
 .bss           0x00000000        0x0 ./src/app_serialio.o
 .text.SerialIO_TxData
                0x00000000        0x2 ./src/app_serialio.o
 .text.SerialIO_RxData
                0x00000000        0x2 ./src/app_serialio.o
 .text.SerialIO_CalcChkSum
                0x00000000       0x1e ./src/app_serialio.o
 .text.SerialIO_ValidateChkSum
                0x00000000       0x22 ./src/app_serialio.o
 .debug_macro   0x00000000      0x88c ./src/app_serialio.o
 .debug_macro   0x00000000       0x10 ./src/app_serialio.o
 .debug_macro   0x00000000      0x12d ./src/app_serialio.o
 .debug_macro   0x00000000      0x5b2 ./src/app_serialio.o
 .debug_macro   0x00000000       0x16 ./src/app_serialio.o
 .debug_macro   0x00000000       0x22 ./src/app_serialio.o
 .group         0x00000000        0x8 ./src/cr_startup_lpc13.o
 .group         0x00000000        0x8 ./src/cr_startup_lpc13.o
 .group         0x00000000        0x8 ./src/cr_startup_lpc13.o
 .group         0x00000000        0x8 ./src/cr_startup_lpc13.o
 .text          0x00000000        0x0 ./src/cr_startup_lpc13.o
 .data          0x00000000        0x0 ./src/cr_startup_lpc13.o
 .bss           0x00000000        0x0 ./src/cr_startup_lpc13.o
 .debug_macro   0x00000000      0x88c ./src/cr_startup_lpc13.o
 .debug_macro   0x00000000       0x10 ./src/cr_startup_lpc13.o
 .debug_macro   0x00000000      0x12d ./src/cr_startup_lpc13.o
 .debug_macro   0x00000000      0x5b2 ./src/cr_startup_lpc13.o
 .group         0x00000000        0x8 ./src/gpio.o
 .group         0x00000000        0x8 ./src/gpio.o
 .group         0x00000000        0x8 ./src/gpio.o
 .group         0x00000000        0x8 ./src/gpio.o
 .group         0x00000000        0x8 ./src/gpio.o
 .group         0x00000000        0x8 ./src/gpio.o
 .group         0x00000000        0x8 ./src/gpio.o
 .group         0x00000000        0x8 ./src/gpio.o
 .group         0x00000000        0x8 ./src/gpio.o
 .text          0x00000000        0x0 ./src/gpio.o
 .data          0x00000000        0x0 ./src/gpio.o
 .bss           0x00000000        0x0 ./src/gpio.o
 .text.GPIOGetValueBit
                0x00000000       0x4c ./src/gpio.o
 .text.GPIOGetValue
                0x00000000       0x18 ./src/gpio.o
 .text.GPIOSetInterrupt
                0x00000000      0x134 ./src/gpio.o
 .text.GPIOIntEnable
                0x00000000       0x4c ./src/gpio.o
 .text.GPIOIntDisable
                0x00000000       0x50 ./src/gpio.o
 .text.GPIOIntStatus
                0x00000000       0x50 ./src/gpio.o
 .text.GPIOIntClear
                0x00000000       0x4c ./src/gpio.o
 .debug_macro   0x00000000      0x88c ./src/gpio.o
 .debug_macro   0x00000000       0x10 ./src/gpio.o
 .debug_macro   0x00000000      0x12d ./src/gpio.o
 .debug_macro   0x00000000      0x5b2 ./src/gpio.o
 .group         0x00000000        0x8 ./src/ixbus.o
 .group         0x00000000        0x8 ./src/ixbus.o
 .group         0x00000000        0x8 ./src/ixbus.o
 .group         0x00000000        0x8 ./src/ixbus.o
 .group         0x00000000        0x8 ./src/ixbus.o
 .group         0x00000000        0x8 ./src/ixbus.o
 .group         0x00000000        0x8 ./src/ixbus.o
 .group         0x00000000        0x8 ./src/ixbus.o
 .group         0x00000000        0x8 ./src/ixbus.o
 .group         0x00000000        0x8 ./src/ixbus.o
 .text          0x00000000        0x0 ./src/ixbus.o
 .data          0x00000000        0x0 ./src/ixbus.o
 .text.I2CStart
                0x00000000       0x24 ./src/ixbus.o
 .text.I2CStop  0x00000000       0x16 ./src/ixbus.o
 .text.I2C_init
                0x00000000       0x64 ./src/ixbus.o
 .text.I2CEngine
                0x00000000       0x30 ./src/ixbus.o
 .text.Get_IX008
                0x00000000       0x84 ./src/ixbus.o
 .rodata        0x00000000        0x8 ./src/ixbus.o
 .debug_macro   0x00000000      0x88c ./src/ixbus.o
 .debug_macro   0x00000000       0x1c ./src/ixbus.o
 .debug_macro   0x00000000       0x22 ./src/ixbus.o
 .debug_macro   0x00000000       0x10 ./src/ixbus.o
 .debug_macro   0x00000000      0x12d ./src/ixbus.o
 .debug_macro   0x00000000      0x5b2 ./src/ixbus.o
 .debug_macro   0x00000000      0x7b7 ./src/ixbus.o
 .debug_macro   0x00000000      0x115 ./src/ixbus.o
 .text          0x00000000        0x0 ./src/main.o
 .data          0x00000000        0x0 ./src/main.o
 .bss           0x00000000        0x0 ./src/main.o
 .group         0x00000000        0x8 ./src/vs-wrc103.o
 .group         0x00000000        0x8 ./src/vs-wrc103.o
 .group         0x00000000        0x8 ./src/vs-wrc103.o
 .group         0x00000000        0x8 ./src/vs-wrc103.o
 .group         0x00000000        0x8 ./src/vs-wrc103.o
 .group         0x00000000        0x8 ./src/vs-wrc103.o
 .group         0x00000000        0x8 ./src/vs-wrc103.o
 .group         0x00000000        0x8 ./src/vs-wrc103.o
 .group         0x00000000        0x8 ./src/vs-wrc103.o
 .group         0x00000000        0x8 ./src/vs-wrc103.o
 .text          0x00000000        0x0 ./src/vs-wrc103.o
 .text.getMainCycle
                0x00000000        0xc ./src/vs-wrc103.o
 .text.Mtr_Run_lv
                0x00000000       0xbc ./src/vs-wrc103.o
 .text.ADRead   0x00000000       0x70 ./src/vs-wrc103.o
 .text.getSW    0x00000000       0x12 ./src/vs-wrc103.o
 .text.PadWait  0x00000000        0xe ./src/vs-wrc103.o
 .text.Ds2rw    0x00000000       0x78 ./src/vs-wrc103.o
 .text.Ds2Com   0x00000000       0x44 ./src/vs-wrc103.o
 .text.PS_Set_AN
                0x00000000       0x98 ./src/vs-wrc103.o
 .text.updatePAD
                0x00000000       0x70 ./src/vs-wrc103.o
 .text.getPAD   0x00000000       0x14 ./src/vs-wrc103.o
 .text.Wait     0x00000000       0x20 ./src/vs-wrc103.o
 .text.BuzzerSet
                0x00000000       0x10 ./src/vs-wrc103.o
 .text.BuzzerStart
                0x00000000       0x34 ./src/vs-wrc103.o
 .text.BuzzerStop
                0x00000000       0x1c ./src/vs-wrc103.o
 .text.isBuzzer
                0x00000000        0xc ./src/vs-wrc103.o
 .text.InitEncoder
                0x00000000       0xe0 ./src/vs-wrc103.o
 .text.ClearEncoder
                0x00000000       0x14 ./src/vs-wrc103.o
 .text.GetEncoder
                0x00000000       0x18 ./src/vs-wrc103.o
 .text.SciRx    0x00000000       0x40 ./src/vs-wrc103.o
 .text.SciTx    0x00000000        0x4 ./src/vs-wrc103.o
 .text.SciStrTx
                0x00000000        0x4 ./src/vs-wrc103.o
 .debug_macro   0x00000000      0x88c ./src/vs-wrc103.o
 .debug_macro   0x00000000       0x22 ./src/vs-wrc103.o
 .debug_macro   0x00000000       0x10 ./src/vs-wrc103.o
 .debug_macro   0x00000000      0x12d ./src/vs-wrc103.o
 .debug_macro   0x00000000      0x5b2 ./src/vs-wrc103.o
 .debug_macro   0x00000000      0x7b7 ./src/vs-wrc103.o
 .debug_macro   0x00000000       0x22 ./src/vs-wrc103.o
 .debug_macro   0x00000000       0x1c ./src/vs-wrc103.o
 .text          0x00000000        0x0 E:/Akinao/git/arc_2026/src/vs_wrc103lv/VS-WRC103LV_Sample_UART/lib\libCMSISv1p30_LPC13xx.a(system_LPC13xx.o)
 .bss           0x00000000        0x0 E:/Akinao/git/arc_2026/src/vs_wrc103lv/VS-WRC103LV_Sample_UART/lib\libCMSISv1p30_LPC13xx.a(system_LPC13xx.o)
 .text.SystemCoreClockUpdate
                0x00000000      0x150 E:/Akinao/git/arc_2026/src/vs_wrc103lv/VS-WRC103LV_Sample_UART/lib\libCMSISv1p30_LPC13xx.a(system_LPC13xx.o)

Memory Configuration

Name             Origin             Length             Attributes
MFlash32         0x00000000         0x00007000         xr
FlashMap         0x00007000         0x00001000         xr
RamLoc8          0x10000000         0x00002000         xrw
*default*        0x00000000         0xffffffff

Linker script and memory map

LOAD ./src/app_event.o
LOAD ./src/app_serialio.o
LOAD ./src/cr_startup_lpc13.o
LOAD ./src/gpio.o
LOAD ./src/ixbus.o
LOAD ./src/main.o
LOAD ./src/vs-wrc103.o
LOAD E:/Akinao/git/arc_2026/src/vs_wrc103lv/VS-WRC103LV_Sample_UART/lib\libCMSISv1p30_LPC13xx.a
START GROUP
LOAD c:/soft/nxp/lpcxpresso_8.2.2_650/lpcxpresso/tools/bin/../lib/gcc/arm-none-eabi/5.4.1/../../../../arm-none-eabi/lib/armv7-m\libcr_semihost.a
LOAD c:/soft/nxp/lpcxpresso_8.2.2_650/lpcxpresso/tools/bin/../lib/gcc/arm-none-eabi/5.4.1/../../../../arm-none-eabi/lib/armv7-m\libcr_c.a
LOAD c:/soft/nxp/lpcxpresso_8.2.2_650/lpcxpresso/tools/bin/../lib/gcc/arm-none-eabi/5.4.1/armv7-m\libcr_eabihelpers.a
END GROUP
                0x00007000                __top_MFlash32 = 0x7000
                0x00008000                __top_FlashMap = 0x8000
                0x10002000                __top_RamLoc8 = 0x10002000

.text           0x00000000      0xc09
 *(.isr_vector)
 .isr_vector    0x00000000      0x124 ./src/cr_startup_lpc13.o
                0x00000000                g_pfnVectors
 *(.text*)
 .text.NMI_Handler
                0x00000124        0x2 ./src/cr_startup_lpc13.o
                0x00000124                NMI_Handler
 .text.HardFault_Handler
                0x00000126        0x2 ./src/cr_startup_lpc13.o
                0x00000126                HardFault_Handler
 .text.MemManage_Handler
                0x00000128        0x2 ./src/cr_startup_lpc13.o
                0x00000128                MemManage_Handler
 .text.BusFault_Handler
                0x0000012a        0x2 ./src/cr_startup_lpc13.o
                0x0000012a                BusFault_Handler
 .text.UsageFault_Handler
                0x0000012c        0x2 ./src/cr_startup_lpc13.o
                0x0000012c                UsageFault_Handler
 .text.SVCall_Handler
                0x0000012e        0x2 ./src/cr_startup_lpc13.o
                0x0000012e                SVCall_Handler
 .text.DebugMon_Handler
                0x00000130        0x2 ./src/cr_startup_lpc13.o
                0x00000130                DebugMon_Handler
 .text.PendSV_Handler
                0x00000132        0x2 ./src/cr_startup_lpc13.o
                0x00000132                PendSV_Handler
 .text.SysTick_Handler
                0x00000134        0x2 ./src/cr_startup_lpc13.o
                0x00000134                SysTick_Handler
 .text.IntDefaultHandler
                0x00000136        0x2 ./src/cr_startup_lpc13.o
                0x00000136                TIMER16_0_IRQHandler
                0x00000136                TIMER32_1_IRQHandler
                0x00000136                SSP_IRQHandler
                0x00000136                TIMER16_1_IRQHandler
                0x00000136                USB_FIQHandler
                0x00000136                ADC_IRQHandler
                0x00000136                USB_IRQHandler
                0x00000136                BOD_IRQHandler
                0x00000136                WAKEUP_IRQHandler
                0x00000136                WDT_IRQHandler
                0x00000136                PIOINT3_IRQHandler
                0x00000136                FMC_IRQHandler
 .text.Reset_Handler
                0x00000138       0x54 ./src/cr_startup_lpc13.o
                0x00000138                ResetISR
                0x00000138                Reset_Handler
 .text.GPIOSetDir
                0x0000018c       0x94 ./src/gpio.o
                0x0000018c                GPIOSetDir
 .text.GPIOSetValue
                0x00000220       0x4c ./src/gpio.o
                0x00000220                GPIOSetValue
 .text.I2C_IRQHandler
                0x0000026c      0x170 ./src/ixbus.o
                0x0000026c                I2C_IRQHandler
 .text.startup.main
                0x000003dc       0x3a ./src/main.o
                0x000003dc                main
 *fill*         0x00000416        0x2 
 .text.Sync     0x00000418       0x60 ./src/vs-wrc103.o
                0x00000418                Sync
 .text.Timer32Init
                0x00000478       0x3c ./src/vs-wrc103.o
                0x00000478                Timer32Init
 .text.Timer16Init
                0x000004b4       0x64 ./src/vs-wrc103.o
                0x000004b4                Timer16Init
 .text.ADCInit  0x00000518       0x2c ./src/vs-wrc103.o
                0x00000518                ADCInit
 .text.Init     0x00000544      0x278 ./src/vs-wrc103.o
                0x00000544                Init
 .text.LED      0x000007bc       0x28 ./src/vs-wrc103.o
                0x000007bc                LED
 .text.TIMER32_0_IRQHandler
                0x000007e4       0x88 ./src/vs-wrc103.o
                0x000007e4                TIMER32_0_IRQHandler
 .text.IntEncoder
                0x0000086c       0xa4 ./src/vs-wrc103.o
                0x0000086c                IntEncoder
 .text.PIOINT0_IRQHandler
                0x00000910        0x4 ./src/vs-wrc103.o
                0x00000910                PIOINT0_IRQHandler
 .text.PIOINT1_IRQHandler
                0x00000914        0x4 ./src/vs-wrc103.o
                0x00000914                PIOINT1_IRQHandler
 .text.PIOINT2_IRQHandler
                0x00000918        0x4 ./src/vs-wrc103.o
                0x00000918                PIOINT2_IRQHandler
 .text.UART_IRQHandler
                0x0000091c       0x90 ./src/vs-wrc103.o
                0x0000091c                UART_IRQHandler
 .text.UARTInit
                0x000009ac       0xd0 ./src/vs-wrc103.o
                0x000009ac                UARTInit
 .text.InitSci3
                0x00000a7c        0x4 ./src/vs-wrc103.o
                0x00000a7c                InitSci3
 .text.UARTSend
                0x00000a80       0x20 ./src/vs-wrc103.o
                0x00000a80                UARTSend
 .text.SciByteRx
                0x00000aa0       0x34 ./src/vs-wrc103.o
                0x00000aa0                SciByteRx
 .text.SciByteTx
                0x00000ad4       0x16 ./src/vs-wrc103.o
                0x00000ad4                SciByteTx
 *fill*         0x00000aea        0x2 
 .text.SystemInit
                0x00000aec       0xe0 E:/Akinao/git/arc_2026/src/vs_wrc103lv/VS-WRC103LV_Sample_UART/lib\libCMSISv1p30_LPC13xx.a(system_LPC13xx.o)
                0x00000aec                SystemInit
 *(.rodata*)
 .rodata        0x00000bcc       0x3d ./src/vs-wrc103.o
                0x00000bf9                enctbl

.glue_7         0x00000c0c        0x0
 .glue_7        0x00000c0c        0x0 linker stubs

.glue_7t        0x00000c0c        0x0
 .glue_7t       0x00000c0c        0x0 linker stubs

.vfp11_veneer   0x00000c0c        0x0
 .vfp11_veneer  0x00000c0c        0x0 linker stubs

.v4_bx          0x00000c0c        0x0
 .v4_bx         0x00000c0c        0x0 linker stubs

.iplt           0x00000c0c        0x0
 .iplt          0x00000c0c        0x0 ./src/app_event.o

.rel.dyn        0x00000c0c        0x0
 .rel.iplt      0x00000c0c        0x0 ./src/app_event.o

.ARM.extab
 *(.ARM.extab* .gnu.linkonce.armextab.*)
                0x00000c0c                __exidx_start = .

.ARM.exidx
 *(.ARM.exidx* .gnu.linkonce.armexidx.*)
                0x00000c0c                __exidx_end = .
                0x00000c0c                _etext = .

.cmap
 *(.Const_Map*)

.data           0x10000000        0x8 load address 0x00000c09
                0x10000000                _data = .
 *(vtable)
 *(.data*)
 .data          0x10000000        0x1 ./src/vs-wrc103.o
                0x10000000                UARTTxEmpty
 *fill*         0x10000001        0x3 
 .data          0x10000004        0x4 E:/Akinao/git/arc_2026/src/vs_wrc103lv/VS-WRC103LV_Sample_UART/lib\libCMSISv1p30_LPC13xx.a(system_LPC13xx.o)
                0x10000004                SystemCoreClock
                0x10000008                _edata = .

.igot.plt       0x10000008        0x0 load address 0x00000c11
 .igot.plt      0x10000008        0x0 ./src/app_event.o

.bss            0x10000008      0x202 load address 0x00000c11
                0x10000008                _bss = .
 *(.bss*)
 .bss           0x10000008       0x1c ./src/ixbus.o
                0x1000000c                WrIndex
                0x10000010                I2CMasterState
                0x10000014                RdIndex
                0x10000018                I2CEndFlag
                0x1000001c                I2CCount
                0x10000020                I2CSlaveState
 .bss           0x10000024       0x35 ./src/vs-wrc103.o
                0x10000024                WDTV
                0x1000004c                UARTWriteCount
                0x10000050                UARTReadCount
                0x10000054                UARTBuffCount
                0x10000058                EncFlag
 *(COMMON)
 *fill*         0x10000059        0x1 
 COMMON         0x1000005a      0x114 ./src/app_serialio.o
                0x1000005a                USB_InPutData
                0x1000009a                memmap
                0x1000011a                serialio_data_c
                0x10000124                serialio_data_b
                0x1000012c                USB_OutPutData
                0x1000016c                bSendUSBdata
                0x1000016d                isUSB_data_sending
 *fill*         0x1000016e        0x2 
 COMMON         0x10000170       0x2c ./src/ixbus.o
                0x10000170                I2CReadLength
                0x10000174                I2CSlaveBuffer
                0x1000017a                adtemp
                0x1000018c                I2CMode
                0x10000190                I2CMasterBuffer
                0x10000198                I2CWriteLength
 COMMON         0x1000019c       0x6e ./src/vs-wrc103.o
                0x1000019c                WDF
                0x1000019d                UARTBuffer
                0x100001e0                iBuzzerPitch
                0x100001e4                enc_A
                0x100001e8                bBuzzerFlag
                0x100001ea                PS_DATA
                0x10000200                enc_B
                0x10000204                UARTStatus
                0x10000208                MainCnt
                0x1000020a                _ebss = .

.cr_heap        0x1000020a        0x0 load address 0x00000c11
                0x1000020a                end = .
                0x1000020a                _pvHeapStart = .
                0x10002000                _vRamTop = __top_RamLoc8
                0x10002000                _vStackTop = (_vRamTop - 0x0)
OUTPUT(VS-WRC103LV_Sample_UART.axf elf32-littlearm)

.debug_info     0x00000000     0x3e1d
 .debug_info    0x00000000      0x46d ./src/app_serialio.o
 .debug_info    0x0000046d      0x1fe ./src/cr_startup_lpc13.o
 .debug_info    0x0000066b      0x3e2 ./src/gpio.o
 .debug_info    0x00000a4d      0xd34 ./src/ixbus.o
 .debug_info    0x00001781       0x37 ./src/main.o
 .debug_info    0x000017b8     0x2115 ./src/vs-wrc103.o
 .debug_info    0x000038cd      0x550 E:/Akinao/git/arc_2026/src/vs_wrc103lv/VS-WRC103LV_Sample_UART/lib\libCMSISv1p30_LPC13xx.a(system_LPC13xx.o)

.debug_abbrev   0x00000000      0xc6e
 .debug_abbrev  0x00000000      0x148 ./src/app_serialio.o
 .debug_abbrev  0x00000148      0x10d ./src/cr_startup_lpc13.o
 .debug_abbrev  0x00000255      0x18c ./src/gpio.o
 .debug_abbrev  0x000003e1      0x258 ./src/ixbus.o
 .debug_abbrev  0x00000639       0x2d ./src/main.o
 .debug_abbrev  0x00000666      0x515 ./src/vs-wrc103.o
 .debug_abbrev  0x00000b7b       0xf3 E:/Akinao/git/arc_2026/src/vs_wrc103lv/VS-WRC103LV_Sample_UART/lib\libCMSISv1p30_LPC13xx.a(system_LPC13xx.o)

.debug_loc      0x00000000     0x1411
 .debug_loc     0x00000000      0x12e ./src/app_serialio.o
 .debug_loc     0x0000012e       0x2b ./src/cr_startup_lpc13.o
 .debug_loc     0x00000159      0x78e ./src/gpio.o
 .debug_loc     0x000008e7      0x1b1 ./src/ixbus.o
 .debug_loc     0x00000a98      0x877 ./src/vs-wrc103.o
 .debug_loc     0x0000130f      0x102 E:/Akinao/git/arc_2026/src/vs_wrc103lv/VS-WRC103LV_Sample_UART/lib\libCMSISv1p30_LPC13xx.a(system_LPC13xx.o)

.debug_aranges  0x00000000      0x2c0
 .debug_aranges
                0x00000000       0x30 ./src/app_serialio.o
 .debug_aranges
                0x00000030       0x70 ./src/cr_startup_lpc13.o
 .debug_aranges
                0x000000a0       0x60 ./src/gpio.o
 .debug_aranges
                0x00000100       0x48 ./src/ixbus.o
 .debug_aranges
                0x00000148       0x20 ./src/main.o
 .debug_aranges
                0x00000168      0x130 ./src/vs-wrc103.o
 .debug_aranges
                0x00000298       0x28 E:/Akinao/git/arc_2026/src/vs_wrc103lv/VS-WRC103LV_Sample_UART/lib\libCMSISv1p30_LPC13xx.a(system_LPC13xx.o)

.debug_ranges   0x00000000      0x2c0
 .debug_ranges  0x00000000       0x50 ./src/app_serialio.o
 .debug_ranges  0x00000050       0x60 ./src/cr_startup_lpc13.o
 .debug_ranges  0x000000b0       0x50 ./src/gpio.o
 .debug_ranges  0x00000100       0x50 ./src/ixbus.o
 .debug_ranges  0x00000150       0x10 ./src/main.o
 .debug_ranges  0x00000160      0x140 ./src/vs-wrc103.o
 .debug_ranges  0x000002a0       0x20 E:/Akinao/git/arc_2026/src/vs_wrc103lv/VS-WRC103LV_Sample_UART/lib\libCMSISv1p30_LPC13xx.a(system_LPC13xx.o)

.debug_macro    0x00000000      0xe3d
 .debug_macro   0x00000000       0x72 ./src/app_serialio.o
 .debug_macro   0x00000072       0x10 ./src/app_serialio.o
 .debug_macro   0x00000082       0x1c ./src/app_serialio.o
 .debug_macro   0x0000009e       0x52 ./src/cr_startup_lpc13.o
 .debug_macro   0x000000f0       0x6b ./src/gpio.o
 .debug_macro   0x0000015b       0x1c ./src/gpio.o
 .debug_macro   0x00000177       0x22 ./src/gpio.o
 .debug_macro   0x00000199      0x7b7 ./src/gpio.o
 .debug_macro   0x00000950      0x115 ./src/gpio.o
 .debug_macro   0x00000a65       0x22 ./src/gpio.o
 .debug_macro   0x00000a87       0x74 ./src/ixbus.o
 .debug_macro   0x00000afb       0x1c ./src/ixbus.o
 .debug_macro   0x00000b17       0xac ./src/ixbus.o
 .debug_macro   0x00000bc3      0x149 ./src/vs-wrc103.o
 .debug_macro   0x00000d0c       0x1c ./src/vs-wrc103.o
 .debug_macro   0x00000d28      0x115 ./src/vs-wrc103.o

.debug_line     0x00000000     0x13e5
 .debug_line    0x00000000      0x1c3 ./src/app_serialio.o
 .debug_line    0x000001c3      0x21a ./src/cr_startup_lpc13.o
 .debug_line    0x000003dd      0x2c6 ./src/gpio.o
 .debug_line    0x000006a3      0x2ee ./src/ixbus.o
 .debug_line    0x00000991       0x44 ./src/main.o
 .debug_line    0x000009d5      0x6e6 ./src/vs-wrc103.o
 .debug_line    0x000010bb      0x32a E:/Akinao/git/arc_2026/src/vs_wrc103lv/VS-WRC103LV_Sample_UART/lib\libCMSISv1p30_LPC13xx.a(system_LPC13xx.o)

.debug_str      0x00000000     0x8b04
 .debug_str     0x00000000     0x3f8e ./src/app_serialio.o
                               0x400c (size before relaxing)
 .debug_str     0x00003f8e      0x170 ./src/cr_startup_lpc13.o
                               0x3dc4 (size before relaxing)
 .debug_str     0x000040fe     0x35f8 ./src/gpio.o
                               0x7256 (size before relaxing)
 .debug_str     0x000076f6      0xbc1 ./src/ixbus.o
                               0x7d57 (size before relaxing)
 .debug_str     0x000082b7       0xc2 ./src/main.o
                                0x10c (size before relaxing)
 .debug_str     0x00008379      0x6f6 ./src/vs-wrc103.o
                               0x818a (size before relaxing)
 .debug_str     0x00008a6f       0x95 E:/Akinao/git/arc_2026/src/vs_wrc103lv/VS-WRC103LV_Sample_UART/lib\libCMSISv1p30_LPC13xx.a(system_LPC13xx.o)
                                0x3f3 (size before relaxing)

.comment        0x00000000       0x99
 .comment       0x00000000       0x6e ./src/app_serialio.o
                                 0x6f (size before relaxing)
 .comment       0x0000006e       0x6f ./src/cr_startup_lpc13.o
 .comment       0x0000006e       0x6f ./src/gpio.o
 .comment       0x0000006e       0x6f ./src/ixbus.o
 .comment       0x0000006e       0x6f ./src/main.o
 .comment       0x0000006e       0x6f ./src/vs-wrc103.o
 .comment       0x0000006e       0x2b E:/Akinao/git/arc_2026/src/vs_wrc103lv/VS-WRC103LV_Sample_UART/lib\libCMSISv1p30_LPC13xx.a(system_LPC13xx.o)

.ARM.attributes
                0x00000000       0x33
 .ARM.attributes
                0x00000000       0x33 ./src/app_serialio.o
 .ARM.attributes
                0x00000033       0x33 ./src/cr_startup_lpc13.o
 .ARM.attributes
                0x00000066       0x33 ./src/gpio.o
 .ARM.attributes
                0x00000099       0x33 ./src/ixbus.o
 .ARM.attributes
                0x000000cc       0x33 ./src/main.o
 .ARM.attributes
                0x000000ff       0x33 ./src/vs-wrc103.o
 .ARM.attributes
                0x00000132       0x31 E:/Akinao/git/arc_2026/src/vs_wrc103lv/VS-WRC103LV_Sample_UART/lib\libCMSISv1p30_LPC13xx.a(system_LPC13xx.o)

.debug_frame    0x00000000      0x638
 .debug_frame   0x00000000       0x64 ./src/app_serialio.o
 .debug_frame   0x00000064       0xc8 ./src/cr_startup_lpc13.o
 .debug_frame   0x0000012c       0xd0 ./src/gpio.o
 .debug_frame   0x000001fc       0x9c ./src/ixbus.o
 .debug_frame   0x00000298       0x28 ./src/main.o
 .debug_frame   0x000002c0      0x348 ./src/vs-wrc103.o
 .debug_frame   0x00000608       0x30 E:/Akinao/git/arc_2026/src/vs_wrc103lv/VS-WRC103LV_Sample_UART/lib\libCMSISv1p30_LPC13xx.a(system_LPC13xx.o)

.debug_macinfo  0x00000000     0x62a4
 .debug_macinfo
                0x00000000     0x62a4 E:/Akinao/git/arc_2026/src/vs_wrc103lv/VS-WRC103LV_Sample_UART/lib\libCMSISv1p30_LPC13xx.a(system_LPC13xx.o)

.debug_pubnames
                0x00000000       0x4f
 .debug_pubnames
                0x00000000       0x4f E:/Akinao/git/arc_2026/src/vs_wrc103lv/VS-WRC103LV_Sample_UART/lib\libCMSISv1p30_LPC13xx.a(system_LPC13xx.o)
